


ARM Macro Assembler    Page 1 


    1 00000000                 AREA             RESET, DATA, READONLY
    2 00000000                 EXPORT           __Vectors
    3 00000000         
    4 00000000         __Vectors
    5 00000000 10001000        DCD              0x10001000
    6 00000004 00000000        DCD              Reset_Handler
    7 00000008                 ALIGN
    8 00000008                 AREA             mycode,CODE, READONLY
    9 00000000                 ENTRY
   10 00000000                 EXPORT           Reset_Handler
   11 00000000         
   12 00000000         Reset_Handler
   13 00000000 4813            LDR              R0, =SRC
   14 00000002 4914            LDR              R1,=DST
   15 00000004 F04F 020A       MOV              R2,#10
   16 00000008 F04F 0400       LDR              R4,=0
   17 0000000C F04F 0500       LDR              R5,=0
   18 00000010         UP
   19 00000010 F850 3B04       LDR              R3,[R0],#4
   20 00000014 18E4            ADDS             R4,R3
   21 00000016 F145 0500       ADC              R5,#0
   22 0000001A 3A01            SUBS             R2,#1
   23 0000001C D1F8            BNE              UP
   24 0000001E F841 4B04       STR              R4,[R1],#4
   25 00000022 600D            STR              R5,[R1]
   26 00000024         STOP
   27 00000024 E7FE            B                STOP
   28 00000026 00 00 00000001 
              00000002 
              00000003 
              00000004 
              00000005 
              00000006 
              00000007 
              00000008 
              00000009 
              0000000A SRC     DCD              1,2,3,4,5,6,7,8,9,10
   29 00000050 00000000 
              00000000         AREA             mydata,DATA,READWRITE
   30 00000000 00000000 
                       DST     DCD              0
   31 00000004                 END
Command Line: --debug --xref --cpu=Cortex-M3 --apcs=interwork --depend=.\add_32
.d -o.\add_32.o -IC:\Keil\ARM\RV31\INC -IC:\Keil\ARM\CMSIS\Include -IC:\Keil\AR
M\Inc\NXP\LPC17xx --predefine="__EVAL SETA 1" --list=.\add_32.lst "Add 10 32 Bi
t Nos\Add_32.s"



ARM Macro Assembler    Page 1 Alphabetic symbol ordering
Relocatable symbols

RESET 00000000

Symbol: RESET
   Definitions
      At line 1 in file Add
   Uses
      None
Comment: RESET unused
__Vectors 00000000

Symbol: __Vectors
   Definitions
      At line 4 in file Add
   Uses
      At line 2 in file Add
Comment: __Vectors used once
2 symbols



ARM Macro Assembler    Page 1 Alphabetic symbol ordering
Relocatable symbols

Reset_Handler 00000000

Symbol: Reset_Handler
   Definitions
      At line 12 in file Add
   Uses
      At line 6 in file Add
      At line 10 in file Add

SRC 00000028

Symbol: SRC
   Definitions
      At line 28 in file Add
   Uses
      At line 13 in file Add
Comment: SRC used once
STOP 00000024

Symbol: STOP
   Definitions
      At line 26 in file Add
   Uses
      At line 27 in file Add
Comment: STOP used once
UP 00000010

Symbol: UP
   Definitions
      At line 18 in file Add
   Uses
      At line 23 in file Add
Comment: UP used once
mycode 00000000

Symbol: mycode
   Definitions
      At line 8 in file Add
   Uses
      None
Comment: mycode unused
5 symbols



ARM Macro Assembler    Page 1 Alphabetic symbol ordering
Relocatable symbols

DST 00000000

Symbol: DST
   Definitions
      At line 30 in file Add
   Uses
      At line 14 in file Add
Comment: DST used once
mydata 00000000

Symbol: mydata
   Definitions
      At line 29 in file Add
   Uses
      None
Comment: mydata unused
2 symbols
342 symbols in table
