<html>
<body>
<pre>
<h1>µVision Build Log</h1>
<h2>Project:</h2>
D:\45_B2\Week2\Reverse_10.uvproj
Project File Date:  01/10/2020

<h2>Output:</h2>
Build target 'Target 1'
linking...
Program Size: Code=64 RO-data=8 RW-data=4 ZI-data=0  
".\Reverse_10.axf" - 0 Error(s), 0 Warning(s).
</pre>
</body>
</html>
rching ARM libraries.
.\Reverse_10.axf: Error: L6411E: No compatible library exists with a definition of startup symbol __main.
Not enough information to list image symbols.
Not enough information to list the image map.
Finished: 2 information, 1 warning and 1 error messages.
".\Reverse_10.axf" - 1 Error(s), 1 Warning(s).
Target not created
Warning(s).
Target not created
